During startup - Warning messages:
1: Setting LC_CTYPE failed, using "C" 
2: Setting LC_COLLATE failed, using "C" 
3: Setting LC_TIME failed, using "C" 
4: Setting LC_MESSAGES failed, using "C" 
5: Setting LC_MONETARY failed, using "C" 
also installing the dependencies 'zoo', 'RcppEigen'

trying URL 'https://cloud.r-project.org/bin/macosx/big-sur-x86_64/contrib/4.6/zoo_1.9-0.tgz'
trying URL 'https://cloud.r-project.org/bin/macosx/big-sur-x86_64/contrib/4.6/RcppEigen_0.3.4.0.2.tgz'
trying URL 'https://cloud.r-project.org/bin/macosx/big-sur-x86_64/contrib/4.6/sandwich_3.1-3.tgz'
trying URL 'https://cloud.r-project.org/bin/macosx/big-sur-x86_64/contrib/4.6/lmtest_0.9-40.tgz'
trying URL 'https://cloud.r-project.org/bin/macosx/big-sur-x86_64/contrib/4.6/ranger_0.18.0.tgz'
trying URL 'https://cloud.r-project.org/bin/macosx/big-sur-x86_64/contrib/4.6/renv_1.2.4.tgz'
tar: Failed to set default locale
tar: Failed to set default locale
tar: Failed to set default locale
tar: Failed to set default locale
tar: Failed to set default locale
tar: Failed to set default locale

The downloaded binary packages are in
	/var/folders/xp/yvtm831x3sz00f9l7l100q_w0000gn/T//RtmpOZC5Wo/downloaded_packages
